error[E0505]: cannot move out of `body` because it is borrowed
  --> $DIR/ast_rule.rs:14:10
   |
13 |     let rule = rule(&loc, hlit, &body);
   |                                 ----- borrow of `body` occurs here
14 |     drop(body);
   |          ^^^^ move out of `body` occurs here
15 |     let _end = rule;
   |                ---- borrow later used here
